[IMPORTANT:flutter/shell/platform/embedder/embedder_surface_metal_impeller.mm(53)] Using the Impeller rendering backend (MetalSDF).
flutter: The Dart VM service is listening on http://127.0.0.1:55585/gP8qx1DZTJw=/
flutter: [LiquidGlass] Initializing library...
flutter: [LiquidGlass] Initialization complete.
flutter: Bad state: Cannot clone a disposed image.
flutter: The clone() method of a previously-disposed Image was called. Once an Image object has been disposed, it can no longer be used to create handles, as the underlying data may have been released.
flutter: #0      Image.clone (dart:ui/painting.dart:2182)
flutter: #1      RawImage.updateRenderObject (package:flutter/src/widgets/basic.dart:6929)
flutter: #2      RenderObjectElement._performRebuild (package:flutter/src/widgets/framework.dart:6850)
flutter: #3      RenderObjectElement.update (package:flutter/src/widgets/framework.dart:6826)
flutter: #4      Element.updateChild (package:flutter/src/widgets/framework.dart:4050)
flutter: #5      SingleChildRenderObjectElement.update (package:flutter/src/widgets/framework.dart:7135)
flutter: #6      Element.updateChild (package:flutter/src/widgets/framework.dart:4050)
flutter: #7      ComponentElement.performRebuild (package:flutter/src/widgets/framework.dart:5854)
flutter: #8      Element.rebuild (package:flutter/src/widgets/framework.dart:5542)
flutter: #9      StatelessElement.update (package:flutter/src/widgets/framework.dart:5908)
flutter: #10     Element.updateChild (package:flutter/src/widgets/framework.dart:4050)
flutter: #11     SingleChildRenderObjectElement.update (package:flutter/src/widgets/framework.dart:7135)
flutter: #12     Element.updateChild (package:flutter/src/widgets/framework.dart:4050)
flutter: #13     ComponentElement.performRebuild (package:flutter/src/widgets/framework.dart:5854)
flutter: #14     Element.rebuild (package:flutter/src/widgets/framework.dart:5542)
flutter: #15     StatelessElement.update (package:flutter/src/widgets/framework.dart:5908)
flutter: #16     Element.updateChild (package:flutter/src/widgets/framework.dart:4050)
flutter: #17     Element.updateChildren (package:flutter/src/widgets/framework.dart:4204)
flutter: #18     MultiChildRenderObjectElement.update (package:flutter/src/widgets/framework.dart:7308)
flutter: #19     Element.updateChild (package:flutter/src/widgets/framework.dart:4050)
flutter: #20     ComponentElement.performRebuild (package:flutter/src/widgets/framework.dart:5854)
flutter: #21     StatefulElement.performRebuild (package:flutter/src/widgets/framework.dart:5995)
flutter: #22     Element.rebuild (package:flutter/src/widgets/framework.dart:5542)
flutter: #23     StatefulElement.update (package:flutter/src/widgets/framework.dart:6020)
flutter: #24     Element.updateChild (package:flutter/src/widgets/framework.dart:4050)
flutter: #25     ComponentElement.performRebuild (package:flutter/src/widgets/framework.dart:5854)
flutter: #26     StatefulElement.performRebuild (package:flutter/src/widgets/framework.dart:5995)
flutter: #27     Element.rebuild (package:flutter/src/widgets/framework.dart:5542)
flutter: #28     BuildScope._tryRebuild (package:flutter/src/widgets/framework.dart:2763)
flutter: #29     BuildScope._flushDirtyElements (package:flutter/src/widgets/framework.dart:2820)
flutter: #30     BuildOwner.buildScope (package:flutter/src/widgets/framework.dart:3124)
flutter: #31     _LayoutBuilderElement._rebuildWithConstraints (package:flutter/src/widgets/layout_builder.dart:270)
flutter: #32     RenderAbstractLayoutBuilderMixin.layoutCallback (package:flutter/src/widgets/layout_builder.dart:333)
flutter: #33     RenderObjectWithLayoutCallbackMixin.runLayoutCallback.<anonymous closure> (package:flutter/src/rendering/object.dart:4313)
flutter: #34     RenderObject.invokeLayoutCallback.<anonymous closure> (package:flutter/src/rendering/object.dart:3042)
flutter: #35     PipelineOwner._enableMutationsToDirtySubtrees (package:flutter/src/rendering/object.dart:1223)
flutter: #36     RenderObject.invokeLayoutCallback (package:flutter/src/rendering/object.dart:3041)
flutter: #37     RenderObjectWithLayoutCallbackMixin.runLayoutCallback (package:flutter/src/rendering/object.dart:4313)
flutter: #38     _RenderLayoutBuilder.performLayout (package:flutter/src/widgets/layout_builder.dart:447)
flutter: #39     RenderObject._layoutWithoutResize (package:flutter/src/rendering/object.dart:2771)
flutter: #40     PipelineOwner.flushLayout (package:flutter/src/rendering/object.dart:1174)
flutter: #41     PipelineOwner.flushLayout (package:flutter/src/rendering/object.dart:1187)
flutter: #42     RendererBinding.drawFrame (package:flutter/src/rendering/binding.dart:692)
flutter: #43     WidgetsBinding.drawFrame (package:flutter/src/widgets/binding.dart:1573)
flutter: #44     RendererBinding._handlePersistentFrameCallback (package:flutter/src/rendering/binding.dart:558)
flutter: #45     SchedulerBinding._invokeFrameCallback (package:flutter/src/scheduler/binding.dart:1430)
flutter: #46     SchedulerBinding.handleDrawFrame (package:flutter/src/scheduler/binding.dart:1345)
flutter: #47     SchedulerBinding._handleDrawFrame (package:flutter/src/scheduler/binding.dart:1198)
flutter: #48     _invoke (dart:ui/hooks.dart:441)
flutter: #49     PlatformDispatcher._drawFrame (dart:ui/platform_dispatcher.dart:450)
flutter: #50     _drawFrame (dart:ui/hooks.dart:413)
flutter: PERF_RESULT {"label":"r1-premium-rep2","commit":"2a91d3a","fixture":"perf-fixture-1","image_generation_ms":1682,"image_bytes":{"video":59688,"portrait":152605,"landscape":182060,"square":177103,"long":4825681,"avatar":4210},"environment":{"build_mode":"profile","os":"Version 26.6.2 (Build 25G83)","cpus":8,"logical_size":[800.0,600.0],"device_pixel_ratio":2.0,"refresh_rate":60.0,"platform_brightness":"light","text_scale":1.0,"shader_filters_supported":true,"glass_preference":"auto","glass_tier_effective":"premium","glass_fallback":"none","image_cache_limits":{"entries":1000,"bytes":104857600}},"phases":[{"name":"cold/enter-fanart","wall_ms":505,"lifecycle":["resumed"],"valid":true,"glass_tier_effective":"premium","first_tile_ms":0,"first_image_ms":1,"frames":{"count":28,"budget_ms":16.666666666666668,"ui_build":{"p50":0.59,"p95":4.436,"p99":6.961,"max":6.961,"over_budget_ratio":0.0},"raster":{"p50":2.187,"p95":6.156,"p99":6.833,"max":6.833,"over_budget_ratio":0.0},"total_span":{"p50":3.133,"p95":9.748,"p99":14.733,"max":14.733,"over_budget_ratio":0.0}},"memory":{"rss_mb":219.71875,"max_rss_mb":364.84375,"image_cache_entries":20,"image_cache_mb":57.087890625,"live_images":11,"pending_images":0,"painted_images":24,"painted_decoded_mpx":14.956544}},{"name":"cold/scroll","wall_ms":60537,"lifecycle":["resumed"],"valid":true,"glass_tier_effective":"premium","scrolled_from":0.0,"scrolled_to":30954.0,"tiles_built":9,"frames":{"count":3526,"budget_ms":16.666666666666668,"ui_build":{"p50":1.68,"p95":2.947,"p99":4.921,"max":9.728,"over_budget_ratio":0.0},"raster":{"p50":1.101,"p95":1.825,"p99":2.161,"max":4.149,"over_budget_ratio":0.0},"total_span":{"p50":3.02,"p95":5.039,"p99":7.273,"max":21.307,"over_budget_ratio":0.0002836074872376631}},"memory":{"rss_mb":199.546875,"max_rss_mb":386.96875,"image_cache_entries":19,"image_cache_mb":77.34130859375,"live_images":15,"pending_images":0,"painted_images":29,"painted_decoded_mpx":15.5808}},{"name":"cold/long-image","wall_ms":6350,"lifecycle":["resumed"],"valid":true,"glass_tier_effective":"premium","tile_images":[{"decoded":[512,15360],"px":7864320,"box":[245,307]},{"decoded":[64,64],"px":4096,"box":[20,20]}],"tap_to_detail_image_ms":554,"detail_images":[{"decoded":[273,8192],"px":2236416,"box":[748,330]}],"tap_to_viewer_image_ms":195,"viewer_images":[{"decoded":[349,10485],"px":3659265,"box":[18,544]}],"frames":{"count":192,"budget_ms":16.666666666666668,"ui_build":{"p50":0.464,"p95":2.519,"p99":3.438,"max":3.886,"over_budget_ratio":0.0},"raster":{"p50":0.923,"p95":2.611,"p99":8.961,"max":13.009,"over_budget_ratio":0.0},"total_span":{"p50":1.981,"p95":5.167,"p99":12.842,"max":13.792,"over_budget_ratio":0.0}},"memory":{"rss_mb":207.59375,"max_rss_mb":718.21875,"image_cache_entries":2,"image_cache_mb":70.0,"live_images":18,"pending_images":0,"painted_images":35,"painted_decoded_mpx":24.595328}},{"name":"cold/channels-and-tabs","wall_ms":10139,"lifecycle":["resumed"],"valid":true,"glass_tier_effective":"premium","offset_before_detail":31654.0,"offset_after_detail":31654.0,"offset_after_round_trip":31654.0,"frames":{"count":253,"budget_ms":16.666666666666668,"ui_build":{"p50":0.761,"p95":2.638,"p99":18.712,"max":29.974,"over_budget_ratio":0.011857707509881422},"raster":{"p50":1.608,"p95":4.189,"p99":6.452,"max":7.793,"over_budget_ratio":0.0},"total_span":{"p50":2.969,"p95":8.217,"p99":27.312,"max":32.675,"over_budget_ratio":0.023715415019762844}},"memory":{"rss_mb":256.75,"max_rss_mb":718.21875,"image_cache_entries":25,"image_cache_mb":83.3076171875,"live_images":18,"pending_images":0,"painted_images":36,"painted_decoded_mpx":26.561408}},{"name":"warm/enter-fanart","wall_ms":514,"lifecycle":["resumed"],"valid":true,"glass_tier_effective":"premium","first_tile_ms":5,"first_image_ms":7,"frames":{"count":28,"budget_ms":16.666666666666668,"ui_build":{"p50":0.629,"p95":2.035,"p99":3.006,"max":3.006,"over_budget_ratio":0.0},"raster":{"p50":1.249,"p95":4.299,"p99":8.905,"max":8.905,"over_budget_ratio":0.0},"total_span":{"p50":2.318,"p95":6.819,"p99":12.186,"max":12.186,"over_budget_ratio":0.0}},"memory":{"rss_mb":253.3125,"max_rss_mb":718.21875,"image_cache_entries":26,"image_cache_mb":98.0712890625,"live_images":11,"pending_images":0,"painted_images":25,"painted_decoded_mpx":16.922624}},{"name":"warm/scroll","wall_ms":60512,"lifecycle":["resumed"],"valid":true,"glass_tier_effective":"premium","scrolled_from":0.0,"scrolled_to":30968.0,"tiles_built":9,"frames":{"count":3535,"budget_ms":16.666666666666668,"ui_build":{"p50":1.607,"p95":3.409,"p99":5.697,"max":8.861,"over_budget_ratio":0.0},"raster":{"p50":1.071,"p95":1.944,"p99":2.331,"max":3.314,"over_budget_ratio":0.0},"total_span":{"p50":2.95,"p95":5.557,"p99":7.713,"max":11.804,"over_budget_ratio":0.0}},"memory":{"rss_mb":245.3125,"max_rss_mb":718.21875,"image_cache_entries":19,"image_cache_mb":77.34130859375,"live_images":15,"pending_images":0,"painted_images":30,"painted_decoded_mpx":17.54688}},{"name":"warm/long-image","wall_ms":6350,"lifecycle":["resumed"],"valid":true,"glass_tier_effective":"premium","tile_images":[{"decoded":[512,15360],"px":7864320,"box":[245,307]},{"decoded":[64,64],"px":4096,"box":[20,20]}],"tap_to_detail_image_ms":549,"detail_images":[{"decoded":[273,8192],"px":2236416,"box":[748,330]}],"tap_to_viewer_image_ms":200,"viewer_images":[{"decoded":[349,10485],"px":3659265,"box":[18,544]}],"frames":{"count":191,"budget_ms":16.666666666666668,"ui_build":{"p50":0.422,"p95":2.795,"p99":6.502,"max":7.996,"over_budget_ratio":0.0},"raster":{"p50":0.969,"p95":2.535,"p99":9.665,"max":14.398,"over_budget_ratio":0.0},"total_span":{"p50":1.975,"p95":6.825,"p99":12.502,"max":15.596,"over_budget_ratio":0.0}},"memory":{"rss_mb":264.25,"max_rss_mb":793.96875,"image_cache_entries":2,"image_cache_mb":70.0,"live_images":18,"pending_images":0,"painted_images":36,"painted_decoded_mpx":26.561408}},{"name":"warm/channels-and-tabs","wall_ms":10142,"lifecycle":["resumed"],"valid":true,"glass_tier_effective":"premium","offset_before_detail":31654.0,"offset_after_detail":31654.0,"offset_after_round_trip":31654.0,"frames":{"count":250,"budget_ms":16.666666666666668,"ui_build":{"p50":0.81,"p95":2.928,"p99":12.91,"max":30.028,"over_budget_ratio":0.008},"raster":{"p50":1.371,"p95":3.295,"p99":4.134,"max":8.071,"over_budget_ratio":0.0},"total_span":{"p50":2.714,"p95":6.706,"p99":20.388,"max":38.947,"over_budget_ratio":0.012}},"memory":{"rss_mb":263.71875,"max_rss_mb":793.96875,"image_cache_entries":25,"image_cache_mb":83.3076171875,"live_images":18,"pending_images":0,"painted_images":36,"painted_decoded_mpx":26.561408}}]}
