[IMPORTANT:flutter/shell/platform/embedder/embedder_surface_metal_impeller.mm(53)] Using the Impeller rendering backend (MetalSDF).
flutter: The Dart VM service is listening on http://127.0.0.1:53070/eSS-6A-NVho=/
flutter: [LiquidGlass] Initializing library...
flutter: [LiquidGlass] Initialization complete.
flutter: Bad state: Cannot clone a disposed image.
flutter: The clone() method of a previously-disposed Image was called. Once an Image object has been disposed, it can no longer be used to create handles, as the underlying data may have been released.
flutter: #0      Image.clone (dart:ui/painting.dart:2182)
flutter: #1      RawImage.updateRenderObject (package:flutter/src/widgets/basic.dart:6929)
flutter: #2      RenderObjectElement._performRebuild (package:flutter/src/widgets/framework.dart:6850)
flutter: #3      RenderObjectElement.update (package:flutter/src/widgets/framework.dart:6826)
flutter: #4      Element.updateChild (package:flutter/src/widgets/framework.dart:4050)
flutter: #5      SingleChildRenderObjectElement.update (package:flutter/src/widgets/framework.dart:7135)
flutter: #6      Element.updateChild (package:flutter/src/widgets/framework.dart:4050)
flutter: #7      ComponentElement.performRebuild (package:flutter/src/widgets/framework.dart:5854)
flutter: #8      Element.rebuild (package:flutter/src/widgets/framework.dart:5542)
flutter: #9      StatelessElement.update (package:flutter/src/widgets/framework.dart:5908)
flutter: #10     Element.updateChild (package:flutter/src/widgets/framework.dart:4050)
flutter: #11     SingleChildRenderObjectElement.update (package:flutter/src/widgets/framework.dart:7135)
flutter: #12     Element.updateChild (package:flutter/src/widgets/framework.dart:4050)
flutter: #13     ComponentElement.performRebuild (package:flutter/src/widgets/framework.dart:5854)
flutter: #14     Element.rebuild (package:flutter/src/widgets/framework.dart:5542)
flutter: #15     StatelessElement.update (package:flutter/src/widgets/framework.dart:5908)
flutter: #16     Element.updateChild (package:flutter/src/widgets/framework.dart:4050)
flutter: #17     Element.updateChildren (package:flutter/src/widgets/framework.dart:4204)
flutter: #18     MultiChildRenderObjectElement.update (package:flutter/src/widgets/framework.dart:7308)
flutter: #19     Element.updateChild (package:flutter/src/widgets/framework.dart:4050)
flutter: #20     ComponentElement.performRebuild (package:flutter/src/widgets/framework.dart:5854)
flutter: #21     StatefulElement.performRebuild (package:flutter/src/widgets/framework.dart:5995)
flutter: #22     Element.rebuild (package:flutter/src/widgets/framework.dart:5542)
flutter: #23     StatefulElement.update (package:flutter/src/widgets/framework.dart:6020)
flutter: #24     Element.updateChild (package:flutter/src/widgets/framework.dart:4050)
flutter: #25     ComponentElement.performRebuild (package:flutter/src/widgets/framework.dart:5854)
flutter: #26     StatefulElement.performRebuild (package:flutter/src/widgets/framework.dart:5995)
flutter: #27     Element.rebuild (package:flutter/src/widgets/framework.dart:5542)
flutter: #28     BuildScope._tryRebuild (package:flutter/src/widgets/framework.dart:2763)
flutter: #29     BuildScope._flushDirtyElements (package:flutter/src/widgets/framework.dart:2820)
flutter: #30     BuildOwner.buildScope (package:flutter/src/widgets/framework.dart:3124)
flutter: #31     _LayoutBuilderElement._rebuildWithConstraints (package:flutter/src/widgets/layout_builder.dart:270)
flutter: #32     RenderAbstractLayoutBuilderMixin.layoutCallback (package:flutter/src/widgets/layout_builder.dart:333)
flutter: #33     RenderObjectWithLayoutCallbackMixin.runLayoutCallback.<anonymous closure> (package:flutter/src/rendering/object.dart:4313)
flutter: #34     RenderObject.invokeLayoutCallback.<anonymous closure> (package:flutter/src/rendering/object.dart:3042)
flutter: #35     PipelineOwner._enableMutationsToDirtySubtrees (package:flutter/src/rendering/object.dart:1223)
flutter: #36     RenderObject.invokeLayoutCallback (package:flutter/src/rendering/object.dart:3041)
flutter: #37     RenderObjectWithLayoutCallbackMixin.runLayoutCallback (package:flutter/src/rendering/object.dart:4313)
flutter: #38     _RenderLayoutBuilder.performLayout (package:flutter/src/widgets/layout_builder.dart:447)
flutter: #39     RenderObject._layoutWithoutResize (package:flutter/src/rendering/object.dart:2771)
flutter: #40     PipelineOwner.flushLayout (package:flutter/src/rendering/object.dart:1174)
flutter: #41     PipelineOwner.flushLayout (package:flutter/src/rendering/object.dart:1187)
flutter: #42     RendererBinding.drawFrame (package:flutter/src/rendering/binding.dart:692)
flutter: #43     WidgetsBinding.drawFrame (package:flutter/src/widgets/binding.dart:1573)
flutter: #44     RendererBinding._handlePersistentFrameCallback (package:flutter/src/rendering/binding.dart:558)
flutter: #45     SchedulerBinding._invokeFrameCallback (package:flutter/src/scheduler/binding.dart:1430)
flutter: #46     SchedulerBinding.handleDrawFrame (package:flutter/src/scheduler/binding.dart:1345)
flutter: #47     SchedulerBinding._handleDrawFrame (package:flutter/src/scheduler/binding.dart:1198)
flutter: #48     _invoke (dart:ui/hooks.dart:441)
flutter: #49     PlatformDispatcher._drawFrame (dart:ui/platform_dispatcher.dart:450)
flutter: #50     _drawFrame (dart:ui/hooks.dart:413)
flutter: PERF_RESULT {"label":"r1-premium-rep1","commit":"2a91d3a","fixture":"perf-fixture-1","image_generation_ms":1673,"image_bytes":{"video":59688,"portrait":152605,"landscape":182060,"square":177103,"long":4825681,"avatar":4210},"environment":{"build_mode":"profile","os":"Version 26.6.2 (Build 25G83)","cpus":8,"logical_size":[800.0,600.0],"device_pixel_ratio":2.0,"refresh_rate":60.0,"platform_brightness":"light","text_scale":1.0,"shader_filters_supported":true,"glass_preference":"auto","glass_tier_effective":"premium","glass_fallback":"none","image_cache_limits":{"entries":1000,"bytes":104857600}},"phases":[{"name":"cold/enter-fanart","wall_ms":506,"lifecycle":["resumed"],"valid":true,"glass_tier_effective":"premium","first_tile_ms":2,"first_image_ms":3,"frames":{"count":29,"budget_ms":16.666666666666668,"ui_build":{"p50":0.602,"p95":4.563,"p99":16.124,"max":16.124,"over_budget_ratio":0.0},"raster":{"p50":1.816,"p95":6.272,"p99":9.766,"max":9.766,"over_budget_ratio":0.0},"total_span":{"p50":2.842,"p95":20.588,"p99":26.665,"max":26.665,"over_budget_ratio":0.06896551724137931}},"memory":{"rss_mb":218.765625,"max_rss_mb":364.59375,"image_cache_entries":20,"image_cache_mb":57.087890625,"live_images":11,"pending_images":0,"painted_images":24,"painted_decoded_mpx":14.956544}},{"name":"cold/scroll","wall_ms":60536,"lifecycle":["resumed"],"valid":true,"glass_tier_effective":"premium","scrolled_from":0.0,"scrolled_to":32256.0,"tiles_built":9,"frames":{"count":3556,"budget_ms":16.666666666666668,"ui_build":{"p50":1.592,"p95":3.473,"p99":5.099,"max":14.592,"over_budget_ratio":0.0},"raster":{"p50":0.995,"p95":2.0,"p99":2.431,"max":3.158,"over_budget_ratio":0.0},"total_span":{"p50":2.744,"p95":5.494,"p99":7.138,"max":15.578,"over_budget_ratio":0.0}},"memory":{"rss_mb":191.234375,"max_rss_mb":377.84375,"image_cache_entries":14,"image_cache_mb":74.9599609375,"live_images":16,"pending_images":0,"painted_images":30,"painted_decoded_mpx":23.971072}},{"name":"cold/long-image","wall_ms":5718,"lifecycle":["resumed"],"valid":true,"glass_tier_effective":"premium","tile_images":[{"decoded":[512,15360],"px":7864320,"box":[245,307]},{"decoded":[64,64],"px":4096,"box":[20,20]}],"tap_to_detail_image_ms":555,"detail_images":[{"decoded":[273,8192],"px":2236416,"box":[748,330]}],"tap_to_viewer_image_ms":197,"viewer_images":[{"decoded":[349,10485],"px":3659265,"box":[18,544]}],"frames":{"count":156,"budget_ms":16.666666666666668,"ui_build":{"p50":0.471,"p95":2.469,"p99":4.178,"max":4.402,"over_budget_ratio":0.0},"raster":{"p50":1.058,"p95":2.527,"p99":6.553,"max":10.558,"over_budget_ratio":0.0},"total_span":{"p50":1.855,"p95":5.286,"p99":9.209,"max":14.046,"over_budget_ratio":0.0}},"memory":{"rss_mb":211.046875,"max_rss_mb":706.78125,"image_cache_entries":2,"image_cache_mb":70.0,"live_images":18,"pending_images":0,"painted_images":35,"painted_decoded_mpx":24.595328}},{"name":"cold/channels-and-tabs","wall_ms":10127,"lifecycle":["resumed"],"valid":true,"glass_tier_effective":"premium","offset_before_detail":32494.0,"offset_after_detail":32494.0,"offset_after_round_trip":32494.0,"frames":{"count":245,"budget_ms":16.666666666666668,"ui_build":{"p50":0.582,"p95":4.307,"p99":43.683,"max":57.546,"over_budget_ratio":0.02857142857142857},"raster":{"p50":1.336,"p95":4.467,"p99":7.011,"max":9.048,"over_budget_ratio":0.0},"total_span":{"p50":2.425,"p95":12.036,"p99":53.738,"max":58.901,"over_budget_ratio":0.04897959183673469}},"memory":{"rss_mb":249.296875,"max_rss_mb":706.78125,"image_cache_entries":25,"image_cache_mb":83.3076171875,"live_images":18,"pending_images":0,"painted_images":36,"painted_decoded_mpx":26.561408}},{"name":"warm/enter-fanart","wall_ms":512,"lifecycle":["resumed"],"valid":true,"glass_tier_effective":"premium","first_tile_ms":5,"first_image_ms":8,"frames":{"count":28,"budget_ms":16.666666666666668,"ui_build":{"p50":0.709,"p95":1.729,"p99":5.931,"max":5.931,"over_budget_ratio":0.0},"raster":{"p50":1.773,"p95":6.71,"p99":10.591,"max":10.591,"over_budget_ratio":0.0},"total_span":{"p50":3.219,"p95":8.339,"p99":16.699,"max":16.699,"over_budget_ratio":0.03571428571428571}},"memory":{"rss_mb":262.71875,"max_rss_mb":706.78125,"image_cache_entries":27,"image_cache_mb":99.4052734375,"live_images":11,"pending_images":0,"painted_images":25,"painted_decoded_mpx":16.922624}},{"name":"warm/scroll","wall_ms":60528,"lifecycle":["resumed"],"valid":true,"glass_tier_effective":"premium","scrolled_from":0.0,"scrolled_to":30744.0,"tiles_built":12,"frames":{"count":3526,"budget_ms":16.666666666666668,"ui_build":{"p50":1.647,"p95":3.894,"p99":10.224,"max":14.623,"over_budget_ratio":0.0},"raster":{"p50":1.105,"p95":1.848,"p99":2.458,"max":5.616,"over_budget_ratio":0.0},"total_span":{"p50":2.968,"p95":6.016,"p99":12.218,"max":17.35,"over_budget_ratio":0.0008508224617129892}},"memory":{"rss_mb":237.6875,"max_rss_mb":706.78125,"image_cache_entries":19,"image_cache_mb":77.34130859375,"live_images":18,"pending_images":0,"painted_images":36,"painted_decoded_mpx":26.561408}},{"name":"warm/long-image","wall_ms":5394,"lifecycle":["resumed"],"valid":true,"glass_tier_effective":"premium","tile_images":[{"decoded":[512,15360],"px":7864320,"box":[245,307]},{"decoded":[64,64],"px":4096,"box":[20,20]}],"tap_to_detail_image_ms":531,"detail_images":[{"decoded":[273,8192],"px":2236416,"box":[748,330]}],"tap_to_viewer_image_ms":193,"viewer_images":[{"decoded":[349,10485],"px":3659265,"box":[18,544]}],"frames":{"count":117,"budget_ms":16.666666666666668,"ui_build":{"p50":0.368,"p95":1.733,"p99":5.12,"max":8.572,"over_budget_ratio":0.0},"raster":{"p50":0.899,"p95":3.982,"p99":6.88,"max":7.109,"over_budget_ratio":0.0},"total_span":{"p50":1.586,"p95":7.977,"p99":12.998,"max":15.56,"over_budget_ratio":0.0}},"memory":{"rss_mb":254.8125,"max_rss_mb":706.78125,"image_cache_entries":2,"image_cache_mb":70.0,"live_images":18,"pending_images":0,"painted_images":37,"painted_decoded_mpx":28.527488}},{"name":"warm/channels-and-tabs","wall_ms":10137,"lifecycle":["resumed"],"valid":true,"glass_tier_effective":"premium","offset_before_detail":30744.0,"offset_after_detail":30744.0,"offset_after_round_trip":30744.0,"frames":{"count":247,"budget_ms":16.666666666666668,"ui_build":{"p50":0.788,"p95":3.723,"p99":49.823,"max":54.894,"over_budget_ratio":0.016194331983805668},"raster":{"p50":1.223,"p95":3.277,"p99":4.499,"max":10.8,"over_budget_ratio":0.0},"total_span":{"p50":2.801,"p95":8.383,"p99":51.707,"max":62.376,"over_budget_ratio":0.02834008097165992}},"memory":{"rss_mb":240.5625,"max_rss_mb":706.78125,"image_cache_entries":26,"image_cache_mb":90.8076171875,"live_images":18,"pending_images":0,"painted_images":37,"painted_decoded_mpx":28.527488}}]}
