[IMPORTANT:flutter/shell/platform/embedder/embedder_surface_metal_impeller.mm(53)] Using the Impeller rendering backend (MetalSDF).
flutter: The Dart VM service is listening on http://127.0.0.1:53957/sm4iF1Pi7OI=/
flutter: Bad state: Cannot clone a disposed image.
flutter: The clone() method of a previously-disposed Image was called. Once an Image object has been disposed, it can no longer be used to create handles, as the underlying data may have been released.
flutter: #0      Image.clone (dart:ui/painting.dart:2182)
flutter: #1      RawImage.updateRenderObject (package:flutter/src/widgets/basic.dart:6929)
flutter: #2      RenderObjectElement._performRebuild (package:flutter/src/widgets/framework.dart:6850)
flutter: #3      RenderObjectElement.update (package:flutter/src/widgets/framework.dart:6826)
flutter: #4      Element.updateChild (package:flutter/src/widgets/framework.dart:4050)
flutter: #5      SingleChildRenderObjectElement.update (package:flutter/src/widgets/framework.dart:7135)
flutter: #6      Element.updateChild (package:flutter/src/widgets/framework.dart:4050)
flutter: #7      ComponentElement.performRebuild (package:flutter/src/widgets/framework.dart:5854)
flutter: #8      Element.rebuild (package:flutter/src/widgets/framework.dart:5542)
flutter: #9      StatelessElement.update (package:flutter/src/widgets/framework.dart:5908)
flutter: #10     Element.updateChild (package:flutter/src/widgets/framework.dart:4050)
flutter: #11     SingleChildRenderObjectElement.update (package:flutter/src/widgets/framework.dart:7135)
flutter: #12     Element.updateChild (package:flutter/src/widgets/framework.dart:4050)
flutter: #13     ComponentElement.performRebuild (package:flutter/src/widgets/framework.dart:5854)
flutter: #14     Element.rebuild (package:flutter/src/widgets/framework.dart:5542)
flutter: #15     StatelessElement.update (package:flutter/src/widgets/framework.dart:5908)
flutter: #16     Element.updateChild (package:flutter/src/widgets/framework.dart:4050)
flutter: #17     Element.updateChildren (package:flutter/src/widgets/framework.dart:4204)
flutter: #18     MultiChildRenderObjectElement.update (package:flutter/src/widgets/framework.dart:7308)
flutter: #19     Element.updateChild (package:flutter/src/widgets/framework.dart:4050)
flutter: #20     ComponentElement.performRebuild (package:flutter/src/widgets/framework.dart:5854)
flutter: #21     StatefulElement.performRebuild (package:flutter/src/widgets/framework.dart:5995)
flutter: #22     Element.rebuild (package:flutter/src/widgets/framework.dart:5542)
flutter: #23     StatefulElement.update (package:flutter/src/widgets/framework.dart:6020)
flutter: #24     Element.updateChild (package:flutter/src/widgets/framework.dart:4050)
flutter: #25     ComponentElement.performRebuild (package:flutter/src/widgets/framework.dart:5854)
flutter: #26     StatefulElement.performRebuild (package:flutter/src/widgets/framework.dart:5995)
flutter: #27     Element.rebuild (package:flutter/src/widgets/framework.dart:5542)
flutter: #28     BuildScope._tryRebuild (package:flutter/src/widgets/framework.dart:2763)
flutter: #29     BuildScope._flushDirtyElements (package:flutter/src/widgets/framework.dart:2820)
flutter: #30     BuildOwner.buildScope (package:flutter/src/widgets/framework.dart:3124)
flutter: #31     _LayoutBuilderElement._rebuildWithConstraints (package:flutter/src/widgets/layout_builder.dart:270)
flutter: #32     RenderAbstractLayoutBuilderMixin.layoutCallback (package:flutter/src/widgets/layout_builder.dart:333)
flutter: #33     RenderObjectWithLayoutCallbackMixin.runLayoutCallback.<anonymous closure> (package:flutter/src/rendering/object.dart:4313)
flutter: #34     RenderObject.invokeLayoutCallback.<anonymous closure> (package:flutter/src/rendering/object.dart:3042)
flutter: #35     PipelineOwner._enableMutationsToDirtySubtrees (package:flutter/src/rendering/object.dart:1223)
flutter: #36     RenderObject.invokeLayoutCallback (package:flutter/src/rendering/object.dart:3041)
flutter: #37     RenderObjectWithLayoutCallbackMixin.runLayoutCallback (package:flutter/src/rendering/object.dart:4313)
flutter: #38     _RenderLayoutBuilder.performLayout (package:flutter/src/widgets/layout_builder.dart:447)
flutter: #39     RenderObject._layoutWithoutResize (package:flutter/src/rendering/object.dart:2771)
flutter: #40     PipelineOwner.flushLayout (package:flutter/src/rendering/object.dart:1174)
flutter: #41     PipelineOwner.flushLayout (package:flutter/src/rendering/object.dart:1187)
flutter: #42     RendererBinding.drawFrame (package:flutter/src/rendering/binding.dart:692)
flutter: #43     WidgetsBinding.drawFrame (package:flutter/src/widgets/binding.dart:1573)
flutter: #44     RendererBinding._handlePersistentFrameCallback (package:flutter/src/rendering/binding.dart:558)
flutter: #45     SchedulerBinding._invokeFrameCallback (package:flutter/src/scheduler/binding.dart:1430)
flutter: #46     SchedulerBinding.handleDrawFrame (package:flutter/src/scheduler/binding.dart:1345)
flutter: #47     SchedulerBinding._handleDrawFrame (package:flutter/src/scheduler/binding.dart:1198)
flutter: #48     _invoke (dart:ui/hooks.dart:441)
flutter: #49     PlatformDispatcher._drawFrame (dart:ui/platform_dispatcher.dart:450)
flutter: #50     _drawFrame (dart:ui/hooks.dart:413)
flutter: PERF_RESULT {"label":"r2-solid-rep1","commit":"2a91d3a","fixture":"perf-fixture-1","image_generation_ms":1670,"image_bytes":{"video":59688,"portrait":152605,"landscape":182060,"square":177103,"long":4825681,"avatar":4210},"environment":{"build_mode":"profile","os":"Version 26.6.2 (Build 25G83)","cpus":8,"logical_size":[800.0,600.0],"device_pixel_ratio":2.0,"refresh_rate":60.0,"platform_brightness":"light","text_scale":1.0,"shader_filters_supported":true,"glass_preference":"smooth","glass_tier_effective":"solid","glass_fallback":"userChoice","image_cache_limits":{"entries":1000,"bytes":104857600}},"phases":[{"name":"cold/enter-fanart","wall_ms":507,"lifecycle":["resumed"],"valid":true,"glass_tier_effective":"solid","first_tile_ms":1,"first_image_ms":1,"frames":{"count":28,"budget_ms":16.666666666666668,"ui_build":{"p50":0.409,"p95":6.458,"p99":8.213,"max":8.213,"over_budget_ratio":0.0},"raster":{"p50":0.891,"p95":6.78,"p99":7.576,"max":7.576,"over_budget_ratio":0.0},"total_span":{"p50":1.635,"p95":9.292,"p99":16.523,"max":16.523,"over_budget_ratio":0.0}},"memory":{"rss_mb":206.515625,"max_rss_mb":349.90625,"image_cache_entries":20,"image_cache_mb":57.087890625,"live_images":11,"pending_images":0,"painted_images":24,"painted_decoded_mpx":14.956544}},{"name":"cold/scroll","wall_ms":60506,"lifecycle":["resumed"],"valid":true,"glass_tier_effective":"solid","scrolled_from":0.0,"scrolled_to":30884.0,"tiles_built":9,"frames":{"count":3527,"budget_ms":16.666666666666668,"ui_build":{"p50":1.712,"p95":4.583,"p99":6.212,"max":10.809,"over_budget_ratio":0.0},"raster":{"p50":0.657,"p95":1.486,"p99":1.964,"max":3.131,"over_budget_ratio":0.0},"total_span":{"p50":2.645,"p95":6.26,"p99":8.073,"max":12.92,"over_budget_ratio":0.0}},"memory":{"rss_mb":186.65625,"max_rss_mb":375.625,"image_cache_entries":19,"image_cache_mb":77.34130859375,"live_images":15,"pending_images":0,"painted_images":29,"painted_decoded_mpx":15.5808}},{"name":"cold/long-image","wall_ms":5368,"lifecycle":["resumed"],"valid":true,"glass_tier_effective":"solid","tile_images":[{"decoded":[512,15360],"px":7864320,"box":[245,307]},{"decoded":[64,64],"px":4096,"box":[20,20]}],"tap_to_detail_image_ms":544,"detail_images":[{"decoded":[273,8192],"px":2236416,"box":[748,330]}],"tap_to_viewer_image_ms":193,"viewer_images":[{"decoded":[349,10485],"px":3659265,"box":[18,544]}],"frames":{"count":137,"budget_ms":16.666666666666668,"ui_build":{"p50":0.243,"p95":0.803,"p99":3.396,"max":5.757,"over_budget_ratio":0.0},"raster":{"p50":0.626,"p95":1.962,"p99":3.167,"max":5.117,"over_budget_ratio":0.0},"total_span":{"p50":1.23,"p95":3.215,"p99":7.881,"max":9.484,"over_budget_ratio":0.0}},"memory":{"rss_mb":193.515625,"max_rss_mb":490.296875,"image_cache_entries":2,"image_cache_mb":70.0,"live_images":15,"pending_images":0,"painted_images":29,"painted_decoded_mpx":15.5808}},{"name":"cold/channels-and-tabs","wall_ms":10134,"lifecycle":["resumed"],"valid":true,"glass_tier_effective":"solid","offset_before_detail":30884.0,"offset_after_detail":30884.0,"offset_after_round_trip":30884.0,"frames":{"count":146,"budget_ms":16.666666666666668,"ui_build":{"p50":0.699,"p95":9.397,"p99":23.905,"max":29.205,"over_budget_ratio":0.0273972602739726},"raster":{"p50":1.329,"p95":4.679,"p99":6.1,"max":7.268,"over_budget_ratio":0.0},"total_span":{"p50":2.568,"p95":13.062,"p99":26.9,"max":30.767,"over_budget_ratio":0.0410958904109589}},"memory":{"rss_mb":233.53125,"max_rss_mb":490.296875,"image_cache_entries":36,"image_cache_mb":82.190185546875,"live_images":15,"pending_images":0,"painted_images":30,"painted_decoded_mpx":17.54688}},{"name":"warm/enter-fanart","wall_ms":513,"lifecycle":["resumed"],"valid":true,"glass_tier_effective":"solid","first_tile_ms":6,"first_image_ms":10,"frames":{"count":17,"budget_ms":16.666666666666668,"ui_build":{"p50":0.67,"p95":5.673,"p99":5.673,"max":5.673,"over_budget_ratio":0.0},"raster":{"p50":3.153,"p95":8.343,"p99":8.343,"max":8.343,"over_budget_ratio":0.0},"total_span":{"p50":4.313,"p95":11.553,"p99":11.553,"max":11.553,"over_budget_ratio":0.0}},"memory":{"rss_mb":235.59375,"max_rss_mb":490.296875,"image_cache_entries":24,"image_cache_mb":98.8330078125,"live_images":11,"pending_images":0,"painted_images":25,"painted_decoded_mpx":16.922624}},{"name":"warm/scroll","wall_ms":60527,"lifecycle":["resumed"],"valid":true,"glass_tier_effective":"solid","scrolled_from":0.0,"scrolled_to":30898.0,"tiles_built":9,"frames":{"count":3537,"budget_ms":16.666666666666668,"ui_build":{"p50":1.787,"p95":4.83,"p99":8.558,"max":14.03,"over_budget_ratio":0.0},"raster":{"p50":0.688,"p95":1.458,"p99":2.061,"max":4.404,"over_budget_ratio":0.0},"total_span":{"p50":2.753,"p95":6.663,"p99":9.688,"max":15.55,"over_budget_ratio":0.0}},"memory":{"rss_mb":221.796875,"max_rss_mb":490.296875,"image_cache_entries":19,"image_cache_mb":77.34130859375,"live_images":15,"pending_images":0,"painted_images":30,"painted_decoded_mpx":17.54688}},{"name":"warm/long-image","wall_ms":5793,"lifecycle":["resumed"],"valid":true,"glass_tier_effective":"solid","tile_images":[{"decoded":[512,15360],"px":7864320,"box":[245,307]},{"decoded":[64,64],"px":4096,"box":[20,20]}],"tap_to_detail_image_ms":532,"detail_images":[{"decoded":[273,8192],"px":2236416,"box":[748,330]}],"tap_to_viewer_image_ms":595,"viewer_images":[{"decoded":[349,10485],"px":3659265,"box":[18,544]}],"frames":{"count":135,"budget_ms":16.666666666666668,"ui_build":{"p50":0.344,"p95":1.302,"p99":4.022,"max":16.965,"over_budget_ratio":0.007407407407407408},"raster":{"p50":0.737,"p95":2.815,"p99":5.793,"max":7.388,"over_budget_ratio":0.0},"total_span":{"p50":1.507,"p95":6.352,"p99":15.889,"max":18.136,"over_budget_ratio":0.007407407407407408}},"memory":{"rss_mb":211.390625,"max_rss_mb":553.921875,"image_cache_entries":2,"image_cache_mb":70.0,"live_images":15,"pending_images":0,"painted_images":30,"painted_decoded_mpx":17.54688}},{"name":"warm/channels-and-tabs","wall_ms":10131,"lifecycle":["resumed"],"valid":true,"glass_tier_effective":"solid","offset_before_detail":30898.0,"offset_after_detail":30898.0,"offset_after_round_trip":30898.0,"frames":{"count":142,"budget_ms":16.666666666666668,"ui_build":{"p50":0.933,"p95":4.473,"p99":14.759,"max":32.538,"over_budget_ratio":0.007042253521126761},"raster":{"p50":0.664,"p95":2.122,"p99":3.479,"max":5.904,"over_budget_ratio":0.0},"total_span":{"p50":2.03,"p95":7.233,"p99":26.107,"max":39.239,"over_budget_ratio":0.014084507042253521}},"memory":{"rss_mb":216.3125,"max_rss_mb":553.921875,"image_cache_entries":36,"image_cache_mb":82.190185546875,"live_images":15,"pending_images":0,"painted_images":30,"painted_decoded_mpx":17.54688}}]}
