[IMPORTANT:flutter/shell/platform/embedder/embedder_surface_metal_impeller.mm(53)] Using the Impeller rendering backend (MetalSDF).
flutter: The Dart VM service is listening on http://127.0.0.1:55977/2xU85haN2QM=/
flutter: Bad state: Cannot clone a disposed image.
flutter: The clone() method of a previously-disposed Image was called. Once an Image object has been disposed, it can no longer be used to create handles, as the underlying data may have been released.
flutter: #0      Image.clone (dart:ui/painting.dart:2182)
flutter: #1      RawImage.updateRenderObject (package:flutter/src/widgets/basic.dart:6929)
flutter: #2      RenderObjectElement._performRebuild (package:flutter/src/widgets/framework.dart:6850)
flutter: #3      RenderObjectElement.update (package:flutter/src/widgets/framework.dart:6826)
flutter: #4      Element.updateChild (package:flutter/src/widgets/framework.dart:4050)
flutter: #5      SingleChildRenderObjectElement.update (package:flutter/src/widgets/framework.dart:7135)
flutter: #6      Element.updateChild (package:flutter/src/widgets/framework.dart:4050)
flutter: #7      ComponentElement.performRebuild (package:flutter/src/widgets/framework.dart:5854)
flutter: #8      Element.rebuild (package:flutter/src/widgets/framework.dart:5542)
flutter: #9      StatelessElement.update (package:flutter/src/widgets/framework.dart:5908)
flutter: #10     Element.updateChild (package:flutter/src/widgets/framework.dart:4050)
flutter: #11     SingleChildRenderObjectElement.update (package:flutter/src/widgets/framework.dart:7135)
flutter: #12     Element.updateChild (package:flutter/src/widgets/framework.dart:4050)
flutter: #13     ComponentElement.performRebuild (package:flutter/src/widgets/framework.dart:5854)
flutter: #14     Element.rebuild (package:flutter/src/widgets/framework.dart:5542)
flutter: #15     StatelessElement.update (package:flutter/src/widgets/framework.dart:5908)
flutter: #16     Element.updateChild (package:flutter/src/widgets/framework.dart:4050)
flutter: #17     Element.updateChildren (package:flutter/src/widgets/framework.dart:4204)
flutter: #18     MultiChildRenderObjectElement.update (package:flutter/src/widgets/framework.dart:7308)
flutter: #19     Element.updateChild (package:flutter/src/widgets/framework.dart:4050)
flutter: #20     ComponentElement.performRebuild (package:flutter/src/widgets/framework.dart:5854)
flutter: #21     StatefulElement.performRebuild (package:flutter/src/widgets/framework.dart:5995)
flutter: #22     Element.rebuild (package:flutter/src/widgets/framework.dart:5542)
flutter: #23     StatefulElement.update (package:flutter/src/widgets/framework.dart:6020)
flutter: #24     Element.updateChild (package:flutter/src/widgets/framework.dart:4050)
flutter: #25     ComponentElement.performRebuild (package:flutter/src/widgets/framework.dart:5854)
flutter: #26     StatefulElement.performRebuild (package:flutter/src/widgets/framework.dart:5995)
flutter: #27     Element.rebuild (package:flutter/src/widgets/framework.dart:5542)
flutter: #28     BuildScope._tryRebuild (package:flutter/src/widgets/framework.dart:2763)
flutter: #29     BuildScope._flushDirtyElements (package:flutter/src/widgets/framework.dart:2820)
flutter: #30     BuildOwner.buildScope (package:flutter/src/widgets/framework.dart:3124)
flutter: #31     _LayoutBuilderElement._rebuildWithConstraints (package:flutter/src/widgets/layout_builder.dart:270)
flutter: #32     RenderAbstractLayoutBuilderMixin.layoutCallback (package:flutter/src/widgets/layout_builder.dart:333)
flutter: #33     RenderObjectWithLayoutCallbackMixin.runLayoutCallback.<anonymous closure> (package:flutter/src/rendering/object.dart:4313)
flutter: #34     RenderObject.invokeLayoutCallback.<anonymous closure> (package:flutter/src/rendering/object.dart:3042)
flutter: #35     PipelineOwner._enableMutationsToDirtySubtrees (package:flutter/src/rendering/object.dart:1223)
flutter: #36     RenderObject.invokeLayoutCallback (package:flutter/src/rendering/object.dart:3041)
flutter: #37     RenderObjectWithLayoutCallbackMixin.runLayoutCallback (package:flutter/src/rendering/object.dart:4313)
flutter: #38     _RenderLayoutBuilder.performLayout (package:flutter/src/widgets/layout_builder.dart:447)
flutter: #39     RenderObject._layoutWithoutResize (package:flutter/src/rendering/object.dart:2771)
flutter: #40     PipelineOwner.flushLayout (package:flutter/src/rendering/object.dart:1174)
flutter: #41     PipelineOwner.flushLayout (package:flutter/src/rendering/object.dart:1187)
flutter: #42     RendererBinding.drawFrame (package:flutter/src/rendering/binding.dart:692)
flutter: #43     WidgetsBinding.drawFrame (package:flutter/src/widgets/binding.dart:1573)
flutter: #44     RendererBinding._handlePersistentFrameCallback (package:flutter/src/rendering/binding.dart:558)
flutter: #45     SchedulerBinding._invokeFrameCallback (package:flutter/src/scheduler/binding.dart:1430)
flutter: #46     SchedulerBinding.handleDrawFrame (package:flutter/src/scheduler/binding.dart:1345)
flutter: #47     SchedulerBinding._handleDrawFrame (package:flutter/src/scheduler/binding.dart:1198)
flutter: #48     _invoke (dart:ui/hooks.dart:441)
flutter: #49     PlatformDispatcher._drawFrame (dart:ui/platform_dispatcher.dart:450)
flutter: #50     _drawFrame (dart:ui/hooks.dart:413)
flutter: PERF_RESULT {"label":"r2-solid-rep2","commit":"2a91d3a","fixture":"perf-fixture-1","image_generation_ms":1663,"image_bytes":{"video":59688,"portrait":152605,"landscape":182060,"square":177103,"long":4825681,"avatar":4210},"environment":{"build_mode":"profile","os":"Version 26.6.2 (Build 25G83)","cpus":8,"logical_size":[800.0,600.0],"device_pixel_ratio":2.0,"refresh_rate":60.0,"platform_brightness":"light","text_scale":1.0,"shader_filters_supported":true,"glass_preference":"smooth","glass_tier_effective":"solid","glass_fallback":"userChoice","image_cache_limits":{"entries":1000,"bytes":104857600}},"phases":[{"name":"cold/enter-fanart","wall_ms":505,"lifecycle":["resumed"],"valid":true,"glass_tier_effective":"solid","first_tile_ms":0,"first_image_ms":1,"frames":{"count":28,"budget_ms":16.666666666666668,"ui_build":{"p50":0.406,"p95":3.509,"p99":5.797,"max":5.797,"over_budget_ratio":0.0},"raster":{"p50":1.161,"p95":5.474,"p99":6.076,"max":6.076,"over_budget_ratio":0.0},"total_span":{"p50":1.739,"p95":7.201,"p99":12.617,"max":12.617,"over_budget_ratio":0.0}},"memory":{"rss_mb":207.109375,"max_rss_mb":350.390625,"image_cache_entries":20,"image_cache_mb":57.087890625,"live_images":11,"pending_images":0,"painted_images":24,"painted_decoded_mpx":14.956544}},{"name":"cold/scroll","wall_ms":60527,"lifecycle":["resumed"],"valid":true,"glass_tier_effective":"solid","scrolled_from":0.0,"scrolled_to":30814.0,"tiles_built":12,"frames":{"count":3533,"budget_ms":16.666666666666668,"ui_build":{"p50":1.756,"p95":3.92,"p99":5.5,"max":10.84,"over_budget_ratio":0.0},"raster":{"p50":0.688,"p95":1.263,"p99":1.711,"max":3.9,"over_budget_ratio":0.0},"total_span":{"p50":2.705,"p95":5.404,"p99":7.409,"max":22.724,"over_budget_ratio":0.0002830455703368242}},"memory":{"rss_mb":197.984375,"max_rss_mb":374.140625,"image_cache_entries":19,"image_cache_mb":77.34130859375,"live_images":18,"pending_images":0,"painted_images":35,"painted_decoded_mpx":24.595328}},{"name":"cold/long-image","wall_ms":5401,"lifecycle":["resumed"],"valid":true,"glass_tier_effective":"solid","tile_images":[{"decoded":[512,15360],"px":7864320,"box":[245,307]},{"decoded":[64,64],"px":4096,"box":[20,20]}],"tap_to_detail_image_ms":552,"detail_images":[{"decoded":[273,8192],"px":2236416,"box":[748,330]}],"tap_to_viewer_image_ms":207,"viewer_images":[{"decoded":[349,10485],"px":3659265,"box":[18,544]}],"frames":{"count":136,"budget_ms":16.666666666666668,"ui_build":{"p50":0.238,"p95":1.067,"p99":3.861,"max":8.854,"over_budget_ratio":0.0},"raster":{"p50":0.627,"p95":2.613,"p99":16.227,"max":26.9,"over_budget_ratio":0.007352941176470588},"total_span":{"p50":1.276,"p95":7.911,"p99":17.497,"max":27.716,"over_budget_ratio":0.014705882352941176}},"memory":{"rss_mb":201.75,"max_rss_mb":676.5625,"image_cache_entries":2,"image_cache_mb":70.0,"live_images":18,"pending_images":0,"painted_images":35,"painted_decoded_mpx":24.595328}},{"name":"cold/channels-and-tabs","wall_ms":10146,"lifecycle":["resumed"],"valid":true,"glass_tier_effective":"solid","offset_before_detail":30814.0,"offset_after_detail":30814.0,"offset_after_round_trip":30814.0,"frames":{"count":144,"budget_ms":16.666666666666668,"ui_build":{"p50":0.983,"p95":8.62,"p99":27.892,"max":37.198,"over_budget_ratio":0.020833333333333332},"raster":{"p50":1.413,"p95":4.981,"p99":8.726,"max":9.992,"over_budget_ratio":0.0},"total_span":{"p50":3.074,"p95":14.715,"p99":29.626,"max":38.361,"over_budget_ratio":0.034722222222222224}},"memory":{"rss_mb":279.921875,"max_rss_mb":676.5625,"image_cache_entries":26,"image_cache_mb":84.30810546875,"live_images":18,"pending_images":0,"painted_images":36,"painted_decoded_mpx":26.561408}},{"name":"warm/enter-fanart","wall_ms":509,"lifecycle":["resumed"],"valid":true,"glass_tier_effective":"solid","first_tile_ms":1,"first_image_ms":2,"frames":{"count":17,"budget_ms":16.666666666666668,"ui_build":{"p50":0.626,"p95":1.894,"p99":1.894,"max":1.894,"over_budget_ratio":0.0},"raster":{"p50":2.289,"p95":6.945,"p99":6.945,"max":6.945,"over_budget_ratio":0.0},"total_span":{"p50":3.182,"p95":8.274,"p99":8.274,"max":8.274,"over_budget_ratio":0.0}},"memory":{"rss_mb":242.390625,"max_rss_mb":676.5625,"image_cache_entries":26,"image_cache_mb":97.8427734375,"live_images":11,"pending_images":0,"painted_images":25,"painted_decoded_mpx":16.922624}},{"name":"warm/scroll","wall_ms":60522,"lifecycle":["resumed"],"valid":true,"glass_tier_effective":"solid","scrolled_from":0.0,"scrolled_to":30800.0,"tiles_built":12,"frames":{"count":3540,"budget_ms":16.666666666666668,"ui_build":{"p50":1.784,"p95":4.64,"p99":7.441,"max":14.874,"over_budget_ratio":0.0},"raster":{"p50":0.685,"p95":1.277,"p99":1.999,"max":2.803,"over_budget_ratio":0.0},"total_span":{"p50":2.724,"p95":6.313,"p99":8.728,"max":16.499,"over_budget_ratio":0.0}},"memory":{"rss_mb":229.4375,"max_rss_mb":676.5625,"image_cache_entries":19,"image_cache_mb":77.34130859375,"live_images":18,"pending_images":0,"painted_images":36,"painted_decoded_mpx":26.561408}},{"name":"warm/long-image","wall_ms":5396,"lifecycle":["resumed"],"valid":true,"glass_tier_effective":"solid","tile_images":[{"decoded":[512,15360],"px":7864320,"box":[245,307]},{"decoded":[64,64],"px":4096,"box":[20,20]}],"tap_to_detail_image_ms":532,"detail_images":[{"decoded":[273,8192],"px":2236416,"box":[748,330]}],"tap_to_viewer_image_ms":196,"viewer_images":[{"decoded":[349,10485],"px":3659265,"box":[18,544]}],"frames":{"count":131,"budget_ms":16.666666666666668,"ui_build":{"p50":0.272,"p95":1.126,"p99":3.423,"max":6.446,"over_budget_ratio":0.0},"raster":{"p50":0.746,"p95":2.11,"p99":5.166,"max":5.186,"over_budget_ratio":0.0},"total_span":{"p50":1.454,"p95":3.89,"p99":7.752,"max":9.392,"over_budget_ratio":0.0}},"memory":{"rss_mb":225.546875,"max_rss_mb":731.109375,"image_cache_entries":2,"image_cache_mb":70.0,"live_images":18,"pending_images":0,"painted_images":36,"painted_decoded_mpx":26.561408}},{"name":"warm/channels-and-tabs","wall_ms":10134,"lifecycle":["resumed"],"valid":true,"glass_tier_effective":"solid","offset_before_detail":30800.0,"offset_after_detail":30800.0,"offset_after_round_trip":30800.0,"frames":{"count":142,"budget_ms":16.666666666666668,"ui_build":{"p50":1.211,"p95":4.698,"p99":32.328,"max":33.845,"over_budget_ratio":0.02112676056338028},"raster":{"p50":0.822,"p95":3.36,"p99":4.311,"max":7.159,"over_budget_ratio":0.0},"total_span":{"p50":2.461,"p95":13.644,"p99":34.755,"max":40.355,"over_budget_ratio":0.035211267605633804}},"memory":{"rss_mb":219.90625,"max_rss_mb":731.109375,"image_cache_entries":26,"image_cache_mb":84.30810546875,"live_images":18,"pending_images":0,"painted_images":36,"painted_decoded_mpx":26.561408}}]}
