[IMPORTANT:flutter/shell/platform/embedder/embedder_surface_metal_impeller.mm(53)] Using the Impeller rendering backend (MetalSDF).
flutter: The Dart VM service is listening on http://127.0.0.1:54390/sv6XLpqAszQ=/
flutter: Bad state: Cannot clone a disposed image.
flutter: The clone() method of a previously-disposed Image was called. Once an Image object has been disposed, it can no longer be used to create handles, as the underlying data may have been released.
flutter: #0      Image.clone (dart:ui/painting.dart:2182)
flutter: #1      RawImage.updateRenderObject (package:flutter/src/widgets/basic.dart:6929)
flutter: #2      RenderObjectElement._performRebuild (package:flutter/src/widgets/framework.dart:6850)
flutter: #3      RenderObjectElement.update (package:flutter/src/widgets/framework.dart:6826)
flutter: #4      Element.updateChild (package:flutter/src/widgets/framework.dart:4050)
flutter: #5      SingleChildRenderObjectElement.update (package:flutter/src/widgets/framework.dart:7135)
flutter: #6      Element.updateChild (package:flutter/src/widgets/framework.dart:4050)
flutter: #7      ComponentElement.performRebuild (package:flutter/src/widgets/framework.dart:5854)
flutter: #8      Element.rebuild (package:flutter/src/widgets/framework.dart:5542)
flutter: #9      StatelessElement.update (package:flutter/src/widgets/framework.dart:5908)
flutter: #10     Element.updateChild (package:flutter/src/widgets/framework.dart:4050)
flutter: #11     SingleChildRenderObjectElement.update (package:flutter/src/widgets/framework.dart:7135)
flutter: #12     Element.updateChild (package:flutter/src/widgets/framework.dart:4050)
flutter: #13     ComponentElement.performRebuild (package:flutter/src/widgets/framework.dart:5854)
flutter: #14     Element.rebuild (package:flutter/src/widgets/framework.dart:5542)
flutter: #15     StatelessElement.update (package:flutter/src/widgets/framework.dart:5908)
flutter: #16     Element.updateChild (package:flutter/src/widgets/framework.dart:4050)
flutter: #17     Element.updateChildren (package:flutter/src/widgets/framework.dart:4204)
flutter: #18     MultiChildRenderObjectElement.update (package:flutter/src/widgets/framework.dart:7308)
flutter: #19     Element.updateChild (package:flutter/src/widgets/framework.dart:4050)
flutter: #20     ComponentElement.performRebuild (package:flutter/src/widgets/framework.dart:5854)
flutter: #21     StatefulElement.performRebuild (package:flutter/src/widgets/framework.dart:5995)
flutter: #22     Element.rebuild (package:flutter/src/widgets/framework.dart:5542)
flutter: #23     StatefulElement.update (package:flutter/src/widgets/framework.dart:6020)
flutter: #24     Element.updateChild (package:flutter/src/widgets/framework.dart:4050)
flutter: #25     ComponentElement.performRebuild (package:flutter/src/widgets/framework.dart:5854)
flutter: #26     StatefulElement.performRebuild (package:flutter/src/widgets/framework.dart:5995)
flutter: #27     Element.rebuild (package:flutter/src/widgets/framework.dart:5542)
flutter: #28     BuildScope._tryRebuild (package:flutter/src/widgets/framework.dart:2763)
flutter: #29     BuildScope._flushDirtyElements (package:flutter/src/widgets/framework.dart:2820)
flutter: #30     BuildOwner.buildScope (package:flutter/src/widgets/framework.dart:3124)
flutter: #31     _LayoutBuilderElement._rebuildWithConstraints (package:flutter/src/widgets/layout_builder.dart:270)
flutter: #32     RenderAbstractLayoutBuilderMixin.layoutCallback (package:flutter/src/widgets/layout_builder.dart:333)
flutter: #33     RenderObjectWithLayoutCallbackMixin.runLayoutCallback.<anonymous closure> (package:flutter/src/rendering/object.dart:4313)
flutter: #34     RenderObject.invokeLayoutCallback.<anonymous closure> (package:flutter/src/rendering/object.dart:3042)
flutter: #35     PipelineOwner._enableMutationsToDirtySubtrees (package:flutter/src/rendering/object.dart:1223)
flutter: #36     RenderObject.invokeLayoutCallback (package:flutter/src/rendering/object.dart:3041)
flutter: #37     RenderObjectWithLayoutCallbackMixin.runLayoutCallback (package:flutter/src/rendering/object.dart:4313)
flutter: #38     _RenderLayoutBuilder.performLayout (package:flutter/src/widgets/layout_builder.dart:447)
flutter: #39     RenderObject._layoutWithoutResize (package:flutter/src/rendering/object.dart:2771)
flutter: #40     PipelineOwner.flushLayout (package:flutter/src/rendering/object.dart:1174)
flutter: #41     PipelineOwner.flushLayout (package:flutter/src/rendering/object.dart:1187)
flutter: #42     RendererBinding.drawFrame (package:flutter/src/rendering/binding.dart:692)
flutter: #43     WidgetsBinding.drawFrame (package:flutter/src/widgets/binding.dart:1573)
flutter: #44     RendererBinding._handlePersistentFrameCallback (package:flutter/src/rendering/binding.dart:558)
flutter: #45     SchedulerBinding._invokeFrameCallback (package:flutter/src/scheduler/binding.dart:1430)
flutter: #46     SchedulerBinding.handleDrawFrame (package:flutter/src/scheduler/binding.dart:1345)
flutter: #47     SchedulerBinding._handleDrawFrame (package:flutter/src/scheduler/binding.dart:1198)
flutter: #48     _invoke (dart:ui/hooks.dart:441)
flutter: #49     PlatformDispatcher._drawFrame (dart:ui/platform_dispatcher.dart:450)
flutter: #50     _drawFrame (dart:ui/hooks.dart:413)
flutter: PERF_RESULT {"label":"r3-solid-tabs-rep1","commit":"60470d9","fixture":"perf-fixture-1","image_generation_ms":1671,"image_bytes":{"video":59688,"portrait":152605,"landscape":182060,"square":177103,"long":4825681,"avatar":4210},"environment":{"build_mode":"profile","os":"Version 26.6.2 (Build 25G83)","cpus":8,"logical_size":[800.0,600.0],"device_pixel_ratio":2.0,"refresh_rate":60.0,"platform_brightness":"light","text_scale":1.0,"shader_filters_supported":true,"glass_preference":"smooth","glass_tier_effective":"solid","glass_fallback":"userChoice","image_cache_limits":{"entries":1000,"bytes":104857600}},"phases":[{"name":"cold/enter-fanart","wall_ms":504,"lifecycle":["resumed"],"valid":true,"glass_tier_effective":"solid","first_tile_ms":0,"first_image_ms":1,"frames":{"count":28,"budget_ms":16.666666666666668,"ui_build":{"p50":0.296,"p95":6.829,"p99":6.97,"max":6.97,"over_budget_ratio":0.0},"raster":{"p50":0.514,"p95":3.924,"p99":8.323,"max":8.323,"over_budget_ratio":0.0},"total_span":{"p50":1.136,"p95":7.689,"p99":15.873,"max":15.873,"over_budget_ratio":0.0}},"memory":{"rss_mb":233.328125,"max_rss_mb":346.828125,"image_cache_entries":20,"image_cache_mb":57.087890625,"live_images":11,"pending_images":0,"painted_images":24,"painted_decoded_mpx":14.956544}},{"name":"cold/scroll","wall_ms":60523,"lifecycle":["resumed"],"valid":true,"glass_tier_effective":"solid","scrolled_from":0.0,"scrolled_to":30856.0,"tiles_built":9,"frames":{"count":3545,"budget_ms":16.666666666666668,"ui_build":{"p50":1.628,"p95":3.571,"p99":5.3,"max":9.36,"over_budget_ratio":0.0},"raster":{"p50":0.626,"p95":1.124,"p99":1.576,"max":2.522,"over_budget_ratio":0.0},"total_span":{"p50":2.509,"p95":4.985,"p99":6.989,"max":17.729,"over_budget_ratio":0.00028208744710860365}},"memory":{"rss_mb":182.34375,"max_rss_mb":367.09375,"image_cache_entries":19,"image_cache_mb":77.34130859375,"live_images":15,"pending_images":0,"painted_images":29,"painted_decoded_mpx":15.5808}},{"name":"cold/long-image","wall_ms":5393,"lifecycle":["resumed"],"valid":true,"glass_tier_effective":"solid","tile_images":[{"decoded":[512,15360],"px":7864320,"box":[245,307]},{"decoded":[64,64],"px":4096,"box":[20,20]}],"tap_to_detail_image_ms":543,"detail_images":[{"decoded":[273,8192],"px":2236416,"box":[748,330]}],"tap_to_viewer_image_ms":205,"viewer_images":[{"decoded":[349,10485],"px":3659265,"box":[18,544]}],"frames":{"count":137,"budget_ms":16.666666666666668,"ui_build":{"p50":0.343,"p95":1.374,"p99":4.891,"max":5.301,"over_budget_ratio":0.0},"raster":{"p50":0.947,"p95":2.594,"p99":6.658,"max":7.017,"over_budget_ratio":0.0},"total_span":{"p50":1.629,"p95":4.407,"p99":8.56,"max":9.559,"over_budget_ratio":0.0}},"memory":{"rss_mb":192.609375,"max_rss_mb":611.265625,"image_cache_entries":2,"image_cache_mb":70.0,"live_images":15,"pending_images":0,"painted_images":29,"painted_decoded_mpx":15.5808}},{"name":"cold/channels-and-tabs","wall_ms":10129,"lifecycle":["resumed"],"valid":true,"glass_tier_effective":"solid","offset_before_detail":30856.0,"offset_after_detail":30856.0,"offset_after_round_trip":30856.0,"frames":{"count":136,"budget_ms":16.666666666666668,"ui_build":{"p50":1.232,"p95":12.613,"p99":17.826,"max":28.637,"over_budget_ratio":0.014705882352941176},"raster":{"p50":1.037,"p95":4.022,"p99":6.212,"max":7.175,"over_budget_ratio":0.0},"total_span":{"p50":2.577,"p95":15.921,"p99":19.763,"max":35.156,"over_budget_ratio":0.03676470588235294}},"memory":{"rss_mb":218.65625,"max_rss_mb":611.265625,"image_cache_entries":36,"image_cache_mb":82.190185546875,"live_images":15,"pending_images":0,"painted_images":30,"painted_decoded_mpx":17.54688}},{"name":"warm/enter-fanart","wall_ms":512,"lifecycle":["resumed"],"valid":true,"glass_tier_effective":"solid","first_tile_ms":3,"first_image_ms":5,"frames":{"count":13,"budget_ms":16.666666666666668,"ui_build":{"p50":1.501,"p95":5.211,"p99":5.211,"max":5.211,"over_budget_ratio":0.0},"raster":{"p50":1.769,"p95":13.702,"p99":13.702,"max":13.702,"over_budget_ratio":0.0},"total_span":{"p50":3.776,"p95":19.699,"p99":19.699,"max":19.699,"over_budget_ratio":0.07692307692307693}},"memory":{"rss_mb":214.28125,"max_rss_mb":611.265625,"image_cache_entries":24,"image_cache_mb":98.8330078125,"live_images":11,"pending_images":0,"painted_images":25,"painted_decoded_mpx":16.922624}},{"name":"warm/scroll","wall_ms":60532,"lifecycle":["resumed"],"valid":true,"glass_tier_effective":"solid","scrolled_from":0.0,"scrolled_to":30898.0,"tiles_built":9,"frames":{"count":3533,"budget_ms":16.666666666666668,"ui_build":{"p50":1.767,"p95":4.068,"p99":6.875,"max":12.228,"over_budget_ratio":0.0},"raster":{"p50":0.675,"p95":1.171,"p99":1.641,"max":3.177,"over_budget_ratio":0.0},"total_span":{"p50":2.698,"p95":5.451,"p99":8.035,"max":14.166,"over_budget_ratio":0.0}},"memory":{"rss_mb":220.328125,"max_rss_mb":611.265625,"image_cache_entries":19,"image_cache_mb":77.34130859375,"live_images":15,"pending_images":0,"painted_images":30,"painted_decoded_mpx":17.54688}},{"name":"warm/long-image","wall_ms":5403,"lifecycle":["resumed"],"valid":true,"glass_tier_effective":"solid","tile_images":[{"decoded":[512,15360],"px":7864320,"box":[245,307]},{"decoded":[64,64],"px":4096,"box":[20,20]}],"tap_to_detail_image_ms":532,"detail_images":[{"decoded":[273,8192],"px":2236416,"box":[748,330]}],"tap_to_viewer_image_ms":213,"viewer_images":[{"decoded":[349,10485],"px":3659265,"box":[18,544]}],"frames":{"count":133,"budget_ms":16.666666666666668,"ui_build":{"p50":0.28,"p95":1.195,"p99":4.0,"max":4.468,"over_budget_ratio":0.0},"raster":{"p50":0.736,"p95":1.94,"p99":5.481,"max":6.213,"over_budget_ratio":0.0},"total_span":{"p50":1.338,"p95":4.166,"p99":7.541,"max":10.668,"over_budget_ratio":0.0}},"memory":{"rss_mb":221.328125,"max_rss_mb":611.265625,"image_cache_entries":2,"image_cache_mb":70.0,"live_images":15,"pending_images":0,"painted_images":30,"painted_decoded_mpx":17.54688}},{"name":"warm/channels-and-tabs","wall_ms":10130,"lifecycle":["resumed"],"valid":true,"glass_tier_effective":"solid","offset_before_detail":30898.0,"offset_after_detail":30898.0,"offset_after_round_trip":30898.0,"frames":{"count":134,"budget_ms":16.666666666666668,"ui_build":{"p50":0.938,"p95":7.85,"p99":12.357,"max":30.049,"over_budget_ratio":0.007462686567164179},"raster":{"p50":0.691,"p95":1.995,"p99":3.421,"max":4.443,"over_budget_ratio":0.0},"total_span":{"p50":2.065,"p95":10.777,"p99":19.612,"max":31.926,"over_budget_ratio":0.014925373134328358}},"memory":{"rss_mb":222.796875,"max_rss_mb":611.265625,"image_cache_entries":36,"image_cache_mb":82.190185546875,"live_images":15,"pending_images":0,"painted_images":30,"painted_decoded_mpx":17.54688}}]}
