[IMPORTANT:flutter/shell/platform/embedder/embedder_surface_metal_impeller.mm(53)] Using the Impeller rendering backend (MetalSDF).
flutter: The Dart VM service is listening on http://127.0.0.1:56320/O14xRcUs2wM=/
flutter: Bad state: Cannot clone a disposed image.
flutter: The clone() method of a previously-disposed Image was called. Once an Image object has been disposed, it can no longer be used to create handles, as the underlying data may have been released.
flutter: #0      Image.clone (dart:ui/painting.dart:2182)
flutter: #1      RawImage.updateRenderObject (package:flutter/src/widgets/basic.dart:6929)
flutter: #2      RenderObjectElement._performRebuild (package:flutter/src/widgets/framework.dart:6850)
flutter: #3      RenderObjectElement.update (package:flutter/src/widgets/framework.dart:6826)
flutter: #4      Element.updateChild (package:flutter/src/widgets/framework.dart:4050)
flutter: #5      SingleChildRenderObjectElement.update (package:flutter/src/widgets/framework.dart:7135)
flutter: #6      Element.updateChild (package:flutter/src/widgets/framework.dart:4050)
flutter: #7      ComponentElement.performRebuild (package:flutter/src/widgets/framework.dart:5854)
flutter: #8      Element.rebuild (package:flutter/src/widgets/framework.dart:5542)
flutter: #9      StatelessElement.update (package:flutter/src/widgets/framework.dart:5908)
flutter: #10     Element.updateChild (package:flutter/src/widgets/framework.dart:4050)
flutter: #11     SingleChildRenderObjectElement.update (package:flutter/src/widgets/framework.dart:7135)
flutter: #12     Element.updateChild (package:flutter/src/widgets/framework.dart:4050)
flutter: #13     ComponentElement.performRebuild (package:flutter/src/widgets/framework.dart:5854)
flutter: #14     Element.rebuild (package:flutter/src/widgets/framework.dart:5542)
flutter: #15     StatelessElement.update (package:flutter/src/widgets/framework.dart:5908)
flutter: #16     Element.updateChild (package:flutter/src/widgets/framework.dart:4050)
flutter: #17     Element.updateChildren (package:flutter/src/widgets/framework.dart:4204)
flutter: #18     MultiChildRenderObjectElement.update (package:flutter/src/widgets/framework.dart:7308)
flutter: #19     Element.updateChild (package:flutter/src/widgets/framework.dart:4050)
flutter: #20     ComponentElement.performRebuild (package:flutter/src/widgets/framework.dart:5854)
flutter: #21     StatefulElement.performRebuild (package:flutter/src/widgets/framework.dart:5995)
flutter: #22     Element.rebuild (package:flutter/src/widgets/framework.dart:5542)
flutter: #23     StatefulElement.update (package:flutter/src/widgets/framework.dart:6020)
flutter: #24     Element.updateChild (package:flutter/src/widgets/framework.dart:4050)
flutter: #25     ComponentElement.performRebuild (package:flutter/src/widgets/framework.dart:5854)
flutter: #26     StatefulElement.performRebuild (package:flutter/src/widgets/framework.dart:5995)
flutter: #27     Element.rebuild (package:flutter/src/widgets/framework.dart:5542)
flutter: #28     BuildScope._tryRebuild (package:flutter/src/widgets/framework.dart:2763)
flutter: #29     BuildScope._flushDirtyElements (package:flutter/src/widgets/framework.dart:2820)
flutter: #30     BuildOwner.buildScope (package:flutter/src/widgets/framework.dart:3124)
flutter: #31     _LayoutBuilderElement._rebuildWithConstraints (package:flutter/src/widgets/layout_builder.dart:270)
flutter: #32     RenderAbstractLayoutBuilderMixin.layoutCallback (package:flutter/src/widgets/layout_builder.dart:333)
flutter: #33     RenderObjectWithLayoutCallbackMixin.runLayoutCallback.<anonymous closure> (package:flutter/src/rendering/object.dart:4313)
flutter: #34     RenderObject.invokeLayoutCallback.<anonymous closure> (package:flutter/src/rendering/object.dart:3042)
flutter: #35     PipelineOwner._enableMutationsToDirtySubtrees (package:flutter/src/rendering/object.dart:1223)
flutter: #36     RenderObject.invokeLayoutCallback (package:flutter/src/rendering/object.dart:3041)
flutter: #37     RenderObjectWithLayoutCallbackMixin.runLayoutCallback (package:flutter/src/rendering/object.dart:4313)
flutter: #38     _RenderLayoutBuilder.performLayout (package:flutter/src/widgets/layout_builder.dart:447)
flutter: #39     RenderObject._layoutWithoutResize (package:flutter/src/rendering/object.dart:2771)
flutter: #40     PipelineOwner.flushLayout (package:flutter/src/rendering/object.dart:1174)
flutter: #41     PipelineOwner.flushLayout (package:flutter/src/rendering/object.dart:1187)
flutter: #42     RendererBinding.drawFrame (package:flutter/src/rendering/binding.dart:692)
flutter: #43     WidgetsBinding.drawFrame (package:flutter/src/widgets/binding.dart:1573)
flutter: #44     RendererBinding._handlePersistentFrameCallback (package:flutter/src/rendering/binding.dart:558)
flutter: #45     SchedulerBinding._invokeFrameCallback (package:flutter/src/scheduler/binding.dart:1430)
flutter: #46     SchedulerBinding.handleDrawFrame (package:flutter/src/scheduler/binding.dart:1345)
flutter: #47     SchedulerBinding._handleDrawFrame (package:flutter/src/scheduler/binding.dart:1198)
flutter: #48     _invoke (dart:ui/hooks.dart:441)
flutter: #49     PlatformDispatcher._drawFrame (dart:ui/platform_dispatcher.dart:450)
flutter: #50     _drawFrame (dart:ui/hooks.dart:413)
flutter: PERF_RESULT {"label":"r3-solid-tabs-rep2","commit":"60470d9","fixture":"perf-fixture-1","image_generation_ms":1692,"image_bytes":{"video":59688,"portrait":152605,"landscape":182060,"square":177103,"long":4825681,"avatar":4210},"environment":{"build_mode":"profile","os":"Version 26.6.2 (Build 25G83)","cpus":8,"logical_size":[800.0,600.0],"device_pixel_ratio":2.0,"refresh_rate":60.0,"platform_brightness":"light","text_scale":1.0,"shader_filters_supported":true,"glass_preference":"smooth","glass_tier_effective":"solid","glass_fallback":"userChoice","image_cache_limits":{"entries":1000,"bytes":104857600}},"phases":[{"name":"cold/enter-fanart","wall_ms":509,"lifecycle":["resumed"],"valid":true,"glass_tier_effective":"solid","first_tile_ms":3,"first_image_ms":4,"frames":{"count":29,"budget_ms":16.666666666666668,"ui_build":{"p50":0.305,"p95":10.924,"p99":18.615,"max":18.615,"over_budget_ratio":0.034482758620689655},"raster":{"p50":0.476,"p95":4.686,"p99":9.06,"max":9.06,"over_budget_ratio":0.0},"total_span":{"p50":0.96,"p95":16.85,"p99":28.539,"max":28.539,"over_budget_ratio":0.06896551724137931}},"memory":{"rss_mb":203.6875,"max_rss_mb":347.265625,"image_cache_entries":20,"image_cache_mb":57.087890625,"live_images":11,"pending_images":0,"painted_images":24,"painted_decoded_mpx":14.956544}},{"name":"cold/scroll","wall_ms":60555,"lifecycle":["resumed"],"valid":true,"glass_tier_effective":"solid","scrolled_from":0.0,"scrolled_to":30646.0,"tiles_built":12,"frames":{"count":3533,"budget_ms":16.666666666666668,"ui_build":{"p50":1.979,"p95":5.196,"p99":7.904,"max":12.43,"over_budget_ratio":0.0},"raster":{"p50":0.674,"p95":1.791,"p99":2.309,"max":5.258,"over_budget_ratio":0.0},"total_span":{"p50":2.911,"p95":7.373,"p99":9.476,"max":21.161,"over_budget_ratio":0.0002830455703368242}},"memory":{"rss_mb":188.375,"max_rss_mb":371.65625,"image_cache_entries":19,"image_cache_mb":77.34130859375,"live_images":18,"pending_images":0,"painted_images":35,"painted_decoded_mpx":24.595328}},{"name":"cold/long-image","wall_ms":5354,"lifecycle":["resumed"],"valid":true,"glass_tier_effective":"solid","tile_images":[{"decoded":[512,15360],"px":7864320,"box":[245,307]},{"decoded":[64,64],"px":4096,"box":[20,20]}],"tap_to_detail_image_ms":531,"detail_images":[{"decoded":[273,8192],"px":2236416,"box":[748,330]}],"tap_to_viewer_image_ms":162,"viewer_images":[{"decoded":[349,10485],"px":3659265,"box":[18,544]}],"frames":{"count":121,"budget_ms":16.666666666666668,"ui_build":{"p50":0.389,"p95":1.635,"p99":4.49,"max":8.897,"over_budget_ratio":0.0},"raster":{"p50":1.031,"p95":2.899,"p99":7.506,"max":8.714,"over_budget_ratio":0.0},"total_span":{"p50":1.865,"p95":6.092,"p99":11.621,"max":12.149,"over_budget_ratio":0.0}},"memory":{"rss_mb":201.65625,"max_rss_mb":626.484375,"image_cache_entries":2,"image_cache_mb":70.0,"live_images":18,"pending_images":0,"painted_images":35,"painted_decoded_mpx":24.595328}},{"name":"cold/channels-and-tabs","wall_ms":10136,"lifecycle":["resumed"],"valid":true,"glass_tier_effective":"solid","offset_before_detail":30646.0,"offset_after_detail":30646.0,"offset_after_round_trip":30646.0,"frames":{"count":138,"budget_ms":16.666666666666668,"ui_build":{"p50":1.024,"p95":14.441,"p99":32.936,"max":33.913,"over_budget_ratio":0.028985507246376812},"raster":{"p50":1.029,"p95":4.094,"p99":6.584,"max":10.021,"over_budget_ratio":0.0},"total_span":{"p50":2.518,"p95":20.097,"p99":38.562,"max":41.376,"over_budget_ratio":0.07971014492753623}},"memory":{"rss_mb":227.53125,"max_rss_mb":626.484375,"image_cache_entries":25,"image_cache_mb":99.4326171875,"live_images":18,"pending_images":0,"painted_images":36,"painted_decoded_mpx":26.561408}},{"name":"warm/enter-fanart","wall_ms":509,"lifecycle":["resumed"],"valid":true,"glass_tier_effective":"solid","first_tile_ms":1,"first_image_ms":2,"frames":{"count":13,"budget_ms":16.666666666666668,"ui_build":{"p50":0.992,"p95":2.754,"p99":2.754,"max":2.754,"over_budget_ratio":0.0},"raster":{"p50":1.573,"p95":7.383,"p99":7.383,"max":7.383,"over_budget_ratio":0.0},"total_span":{"p50":2.835,"p95":10.882,"p99":10.882,"max":10.882,"over_budget_ratio":0.0}},"memory":{"rss_mb":226.109375,"max_rss_mb":626.484375,"image_cache_entries":26,"image_cache_mb":99.287109375,"live_images":11,"pending_images":0,"painted_images":25,"painted_decoded_mpx":16.922624}},{"name":"warm/scroll","wall_ms":60531,"lifecycle":["resumed"],"valid":true,"glass_tier_effective":"solid","scrolled_from":0.0,"scrolled_to":30618.0,"tiles_built":12,"frames":{"count":3531,"budget_ms":16.666666666666668,"ui_build":{"p50":1.932,"p95":5.408,"p99":9.233,"max":15.793,"over_budget_ratio":0.0},"raster":{"p50":0.692,"p95":1.691,"p99":2.135,"max":4.231,"over_budget_ratio":0.0},"total_span":{"p50":2.935,"p95":7.403,"p99":10.734,"max":17.198,"over_budget_ratio":0.0005664117813650524}},"memory":{"rss_mb":222.46875,"max_rss_mb":626.484375,"image_cache_entries":19,"image_cache_mb":77.34130859375,"live_images":18,"pending_images":0,"painted_images":36,"painted_decoded_mpx":26.561408}},{"name":"warm/long-image","wall_ms":5421,"lifecycle":["resumed"],"valid":true,"glass_tier_effective":"solid","tile_images":[{"decoded":[512,15360],"px":7864320,"box":[245,307]},{"decoded":[64,64],"px":4096,"box":[20,20]}],"tap_to_detail_image_ms":553,"detail_images":[{"decoded":[273,8192],"px":2236416,"box":[748,330]}],"tap_to_viewer_image_ms":196,"viewer_images":[{"decoded":[349,10485],"px":3659265,"box":[18,544]}],"frames":{"count":134,"budget_ms":16.666666666666668,"ui_build":{"p50":0.337,"p95":1.116,"p99":4.702,"max":16.369,"over_budget_ratio":0.0},"raster":{"p50":1.007,"p95":2.826,"p99":6.239,"max":6.753,"over_budget_ratio":0.0},"total_span":{"p50":1.642,"p95":5.946,"p99":14.85,"max":17.542,"over_budget_ratio":0.007462686567164179}},"memory":{"rss_mb":223.21875,"max_rss_mb":640.59375,"image_cache_entries":2,"image_cache_mb":70.0,"live_images":18,"pending_images":0,"painted_images":36,"painted_decoded_mpx":26.561408}},{"name":"warm/channels-and-tabs","wall_ms":10135,"lifecycle":["resumed"],"valid":true,"glass_tier_effective":"solid","offset_before_detail":30618.0,"offset_after_detail":30618.0,"offset_after_round_trip":30618.0,"frames":{"count":138,"budget_ms":16.666666666666668,"ui_build":{"p50":1.041,"p95":10.67,"p99":27.465,"max":31.953,"over_budget_ratio":0.021739130434782608},"raster":{"p50":0.762,"p95":2.587,"p99":6.615,"max":8.546,"over_budget_ratio":0.0},"total_span":{"p50":2.401,"p95":16.437,"p99":29.014,"max":40.697,"over_budget_ratio":0.036231884057971016}},"memory":{"rss_mb":223.078125,"max_rss_mb":640.59375,"image_cache_entries":25,"image_cache_mb":99.4326171875,"live_images":18,"pending_images":0,"painted_images":36,"painted_decoded_mpx":26.561408}}]}
