[IMPORTANT:flutter/shell/platform/embedder/embedder_surface_metal_impeller.mm(53)] Using the Impeller rendering backend (MetalSDF).
flutter: The Dart VM service is listening on http://127.0.0.1:60720/q9CvbfyWiaA=/
flutter: Bad state: Cannot clone a disposed image.
flutter: The clone() method of a previously-disposed Image was called. Once an Image object has been disposed, it can no longer be used to create handles, as the underlying data may have been released.
flutter: #0      Image.clone (dart:ui/painting.dart:2182)
flutter: #1      RawImage.updateRenderObject (package:flutter/src/widgets/basic.dart:6929)
flutter: #2      RenderObjectElement._performRebuild (package:flutter/src/widgets/framework.dart:6850)
flutter: #3      RenderObjectElement.update (package:flutter/src/widgets/framework.dart:6826)
flutter: #4      Element.updateChild (package:flutter/src/widgets/framework.dart:4050)
flutter: #5      SingleChildRenderObjectElement.update (package:flutter/src/widgets/framework.dart:7135)
flutter: #6      Element.updateChild (package:flutter/src/widgets/framework.dart:4050)
flutter: #7      ComponentElement.performRebuild (package:flutter/src/widgets/framework.dart:5854)
flutter: #8      Element.rebuild (package:flutter/src/widgets/framework.dart:5542)
flutter: #9      StatelessElement.update (package:flutter/src/widgets/framework.dart:5908)
flutter: #10     Element.updateChild (package:flutter/src/widgets/framework.dart:4050)
flutter: #11     SingleChildRenderObjectElement.update (package:flutter/src/widgets/framework.dart:7135)
flutter: #12     Element.updateChild (package:flutter/src/widgets/framework.dart:4050)
flutter: #13     ComponentElement.performRebuild (package:flutter/src/widgets/framework.dart:5854)
flutter: #14     Element.rebuild (package:flutter/src/widgets/framework.dart:5542)
flutter: #15     StatelessElement.update (package:flutter/src/widgets/framework.dart:5908)
flutter: #16     Element.updateChild (package:flutter/src/widgets/framework.dart:4050)
flutter: #17     Element.updateChildren (package:flutter/src/widgets/framework.dart:4204)
flutter: #18     MultiChildRenderObjectElement.update (package:flutter/src/widgets/framework.dart:7308)
flutter: #19     Element.updateChild (package:flutter/src/widgets/framework.dart:4050)
flutter: #20     ComponentElement.performRebuild (package:flutter/src/widgets/framework.dart:5854)
flutter: #21     StatefulElement.performRebuild (package:flutter/src/widgets/framework.dart:5995)
flutter: #22     Element.rebuild (package:flutter/src/widgets/framework.dart:5542)
flutter: #23     StatefulElement.update (package:flutter/src/widgets/framework.dart:6020)
flutter: #24     Element.updateChild (package:flutter/src/widgets/framework.dart:4050)
flutter: #25     ComponentElement.performRebuild (package:flutter/src/widgets/framework.dart:5854)
flutter: #26     StatefulElement.performRebuild (package:flutter/src/widgets/framework.dart:5995)
flutter: #27     Element.rebuild (package:flutter/src/widgets/framework.dart:5542)
flutter: #28     BuildScope._tryRebuild (package:flutter/src/widgets/framework.dart:2763)
flutter: #29     BuildScope._flushDirtyElements (package:flutter/src/widgets/framework.dart:2820)
flutter: #30     BuildOwner.buildScope (package:flutter/src/widgets/framework.dart:3124)
flutter: #31     _LayoutBuilderElement._rebuildWithConstraints (package:flutter/src/widgets/layout_builder.dart:270)
flutter: #32     RenderAbstractLayoutBuilderMixin.layoutCallback (package:flutter/src/widgets/layout_builder.dart:333)
flutter: #33     RenderObjectWithLayoutCallbackMixin.runLayoutCallback.<anonymous closure> (package:flutter/src/rendering/object.dart:4313)
flutter: #34     RenderObject.invokeLayoutCallback.<anonymous closure> (package:flutter/src/rendering/object.dart:3042)
flutter: #35     PipelineOwner._enableMutationsToDirtySubtrees (package:flutter/src/rendering/object.dart:1223)
flutter: #36     RenderObject.invokeLayoutCallback (package:flutter/src/rendering/object.dart:3041)
flutter: #37     RenderObjectWithLayoutCallbackMixin.runLayoutCallback (package:flutter/src/rendering/object.dart:4313)
flutter: #38     _RenderLayoutBuilder.performLayout (package:flutter/src/widgets/layout_builder.dart:447)
flutter: #39     RenderObject._layoutWithoutResize (package:flutter/src/rendering/object.dart:2771)
flutter: #40     PipelineOwner.flushLayout (package:flutter/src/rendering/object.dart:1174)
flutter: #41     PipelineOwner.flushLayout (package:flutter/src/rendering/object.dart:1187)
flutter: #42     RendererBinding.drawFrame (package:flutter/src/rendering/binding.dart:692)
flutter: #43     WidgetsBinding.drawFrame (package:flutter/src/widgets/binding.dart:1573)
flutter: #44     RendererBinding._handlePersistentFrameCallback (package:flutter/src/rendering/binding.dart:558)
flutter: #45     SchedulerBinding._invokeFrameCallback (package:flutter/src/scheduler/binding.dart:1430)
flutter: #46     SchedulerBinding.handleDrawFrame (package:flutter/src/scheduler/binding.dart:1345)
flutter: #47     SchedulerBinding._handleDrawFrame (package:flutter/src/scheduler/binding.dart:1198)
flutter: #48     _invoke (dart:ui/hooks.dart:441)
flutter: #49     PlatformDispatcher._drawFrame (dart:ui/platform_dispatcher.dart:450)
flutter: #50     _drawFrame (dart:ui/hooks.dart:413)
flutter: PERF_RESULT {"label":"locked-base-rep3","commit":"2a91d3a+dirty","fixture":"perf-fixture-1","image_generation_ms":1659,"image_bytes":{"video":59688,"portrait":152605,"landscape":182060,"square":177103,"long":4825681,"avatar":4210},"environment":{"build_mode":"profile","os":"Version 26.6.2 (Build 25G83)","cpus":8,"logical_size":[800.0,600.0],"device_pixel_ratio":2.0,"refresh_rate":60.0,"platform_brightness":"light","text_scale":1.0,"shader_filters_supported":true,"lifecycle_forced":true,"glass_preference":"smooth","glass_tier_effective":"solid","glass_fallback":"userChoice","image_cache_limits":{"entries":1000,"bytes":104857600}},"phases":[{"name":"cold/enter-fanart","wall_ms":509,"lifecycle":["resumed"],"valid":true,"glass_tier_effective":"solid","first_tile_ms":2,"first_image_ms":3,"frames":{"count":28,"budget_ms":16.666666666666668,"ui_build":{"p50":0.324,"p95":5.893,"p99":12.759,"max":12.759,"over_budget_ratio":0.0},"raster":{"p50":0.833,"p95":6.961,"p99":7.405,"max":7.405,"over_budget_ratio":0.0},"total_span":{"p50":1.183,"p95":9.281,"p99":19.947,"max":19.947,"over_budget_ratio":0.03571428571428571}},"memory":{"rss_mb":202.28125,"max_rss_mb":345.953125,"image_cache_entries":20,"image_cache_mb":57.087890625,"live_images":11,"pending_images":0,"painted_images":24,"painted_decoded_mpx":14.956544}},{"name":"cold/scroll","wall_ms":15537,"lifecycle":["resumed"],"valid":true,"glass_tier_effective":"solid","scrolled_from":0.0,"scrolled_to":7686.0,"tiles_built":9,"frames":{"count":842,"budget_ms":16.666666666666668,"ui_build":{"p50":1.817,"p95":5.381,"p99":8.12,"max":10.568,"over_budget_ratio":0.0},"raster":{"p50":0.626,"p95":1.977,"p99":2.589,"max":3.536,"over_budget_ratio":0.0},"total_span":{"p50":2.737,"p95":7.822,"p99":10.135,"max":22.571,"over_budget_ratio":0.0011876484560570072}},"memory":{"rss_mb":214.84375,"max_rss_mb":370.046875,"image_cache_entries":14,"image_cache_mb":74.9599609375,"live_images":16,"pending_images":0,"painted_images":30,"painted_decoded_mpx":23.971072}},{"name":"cold/long-image","wall_ms":5697,"lifecycle":["resumed"],"valid":true,"glass_tier_effective":"solid","tile_images":[{"decoded":[512,15360],"px":7864320,"box":[245,307]},{"decoded":[64,64],"px":4096,"box":[20,20]}],"tap_to_detail_image_ms":557,"detail_images":[{"decoded":[273,8192],"px":2236416,"box":[748,330]}],"tap_to_viewer_image_ms":182,"viewer_images":[{"decoded":[349,10485],"px":3659265,"box":[18,544]}],"frames":{"count":141,"budget_ms":16.666666666666668,"ui_build":{"p50":0.319,"p95":1.394,"p99":3.788,"max":4.284,"over_budget_ratio":0.0},"raster":{"p50":0.633,"p95":1.804,"p99":3.875,"max":4.942,"over_budget_ratio":0.0},"total_span":{"p50":1.381,"p95":3.27,"p99":7.079,"max":7.637,"over_budget_ratio":0.0}},"memory":{"rss_mb":223.453125,"max_rss_mb":572.65625,"image_cache_entries":2,"image_cache_mb":70.0,"live_images":18,"pending_images":0,"painted_images":35,"painted_decoded_mpx":24.595328}},{"name":"cold/channels-and-tabs","wall_ms":10142,"lifecycle":["resumed"],"valid":true,"glass_tier_effective":"solid","offset_before_detail":7910.0,"offset_after_detail":7910.0,"offset_after_round_trip":7910.0,"frames":{"count":143,"budget_ms":16.666666666666668,"ui_build":{"p50":1.814,"p95":37.329,"p99":70.123,"max":80.24,"over_budget_ratio":0.08391608391608392},"raster":{"p50":4.593,"p95":21.539,"p99":42.219,"max":50.403,"over_budget_ratio":0.0979020979020979},"total_span":{"p50":12.039,"p95":79.631,"p99":97.744,"max":98.082,"over_budget_ratio":0.34965034965034963}},"memory":{"rss_mb":255.953125,"max_rss_mb":572.65625,"image_cache_entries":26,"image_cache_mb":84.30810546875,"live_images":18,"pending_images":0,"painted_images":36,"painted_decoded_mpx":26.561408}},{"name":"warm/enter-fanart","wall_ms":519,"lifecycle":["resumed"],"valid":true,"glass_tier_effective":"solid","first_tile_ms":6,"first_image_ms":10,"frames":{"count":17,"budget_ms":16.666666666666668,"ui_build":{"p50":1.909,"p95":8.573,"p99":8.573,"max":8.573,"over_budget_ratio":0.0},"raster":{"p50":7.664,"p95":15.487,"p99":15.487,"max":15.487,"over_budget_ratio":0.0},"total_span":{"p50":10.941,"p95":22.171,"p99":22.171,"max":22.171,"over_budget_ratio":0.17647058823529413}},"memory":{"rss_mb":260.59375,"max_rss_mb":572.65625,"image_cache_entries":26,"image_cache_mb":99.287109375,"live_images":11,"pending_images":0,"painted_images":25,"painted_decoded_mpx":16.922624}},{"name":"warm/scroll","wall_ms":15567,"lifecycle":["resumed"],"valid":true,"glass_tier_effective":"solid","scrolled_from":0.0,"scrolled_to":6888.0,"tiles_built":9,"frames":{"count":787,"budget_ms":16.666666666666668,"ui_build":{"p50":7.536,"p95":15.235,"p99":25.351,"max":57.694,"over_budget_ratio":0.03939008894536213},"raster":{"p50":3.102,"p95":6.085,"p99":11.019,"max":19.093,"over_budget_ratio":0.0025412960609911056},"total_span":{"p50":11.43,"p95":23.231,"p99":40.421,"max":70.393,"over_budget_ratio":0.11689961880559085}},"memory":{"rss_mb":263.03125,"max_rss_mb":572.65625,"image_cache_entries":14,"image_cache_mb":74.9599609375,"live_images":16,"pending_images":0,"painted_images":31,"painted_decoded_mpx":25.937152}},{"name":"warm/long-image","wall_ms":6220,"lifecycle":["resumed"],"valid":true,"glass_tier_effective":"solid","tile_images":[{"decoded":[512,15360],"px":7864320,"box":[245,307]},{"decoded":[64,64],"px":4096,"box":[20,20]}],"tap_to_detail_image_ms":593,"detail_images":[{"decoded":[273,8192],"px":2236416,"box":[748,330]}],"tap_to_viewer_image_ms":553,"viewer_images":[{"decoded":[349,10485],"px":3659265,"box":[18,544]}],"frames":{"count":120,"budget_ms":16.666666666666668,"ui_build":{"p50":1.21,"p95":8.712,"p99":14.098,"max":17.656,"over_budget_ratio":0.008333333333333333},"raster":{"p50":2.578,"p95":15.176,"p99":23.647,"max":25.601,"over_budget_ratio":0.03333333333333333},"total_span":{"p50":9.715,"p95":39.264,"p99":47.148,"max":63.449,"over_budget_ratio":0.23333333333333334}},"memory":{"rss_mb":553.75,"max_rss_mb":885.34375,"image_cache_entries":2,"image_cache_mb":93.375,"live_images":19,"pending_images":2,"painted_images":36,"painted_decoded_mpx":20.663168}},{"name":"warm/channels-and-tabs","wall_ms":10137,"lifecycle":["resumed"],"valid":true,"glass_tier_effective":"solid","offset_before_detail":7098.0,"offset_after_detail":7098.0,"offset_after_round_trip":7098.0,"frames":{"count":169,"budget_ms":16.666666666666668,"ui_build":{"p50":2.09,"p95":12.547,"p99":58.387,"max":73.067,"over_budget_ratio":0.029585798816568046},"raster":{"p50":3.168,"p95":9.406,"p99":29.396,"max":30.408,"over_budget_ratio":0.011834319526627219},"total_span":{"p50":7.252,"p95":36.261,"p99":74.782,"max":76.079,"over_budget_ratio":0.13609467455621302}},"memory":{"rss_mb":270.71875,"max_rss_mb":885.34375,"image_cache_entries":27,"image_cache_mb":91.80810546875,"live_images":18,"pending_images":0,"painted_images":37,"painted_decoded_mpx":28.527488}}]}
